// Jest Snapshot v1, https://goo.gl/fbAQLP

exports[`Testing logout functionality 1`] = `
<View
  accessible={true}
  collapsable={false}
  focusable={true}
  onClick={[Function]}
  onResponderGrant={[Function]}
  onResponderMove={[Function]}
  onResponderRelease={[Function]}
  onResponderTerminate={[Function]}
  onResponderTerminationRequest={[Function]}
  onStartShouldSetResponder={[Function]}
  style={
    Object {
      "backgroundColor": "#abd699",
      "borderColor": "#abd699",
      "borderRadius": 10,
      "borderWidth": 1,
      "marginLeft": 5,
      "marginRight": 5,
      "marginTop": 10,
      "opacity": 1,
      "paddingBottom": 10,
      "paddingTop": 10,
    }
  }
>
  <Text
    style={
      Object {
        "color": "white",
        "fontSize": 20,
        "paddingLeft": 10,
        "paddingRight": 10,
        "textAlign": "center",
      }
    }
  >
     
     
  </Text>
</View>
`;
